// Jest Snapshot v1, https://goo.gl/fbAQLP

exports[`<Main> Should render the heading  1`] = `
.c0 {
  background-color: #06092b;
  color: #fff;
  width: 100%;
  height: 100vh;
  padding: 3rem;
  text-align: center;
  display: -webkit-box;
  display: -webkit-flex;
  display: -ms-flexbox;
  display: flex;
  -webkit-flex-direction: column;
  -ms-flex-direction: column;
  flex-direction: column;
  -webkit-align-items: center;
  -webkit-box-align: center;
  -ms-flex-align: center;
  align-items: center;
  -webkit-box-pack: center;
  -webkit-justify-content: center;
  -ms-flex-pack: center;
  justify-content: center;
}

.c1 {
  width: 25rem;
  margin-bottom: 2rem;
}

.c2 {
  font-size: 2rem;
  font-weight: 400;
}

.c3 {
  margin-top: 3rem;
  width: min(30rem,100%);
}

<main
  class="c0"
>
  <img
    alt="Imagem de um átomo e React Avançado"
    class="c1"
    src="/img/logo.svg"
  />
  <h2
    class="MuiTypography-root MuiTypography-h6 MuiDialogTitle-root ForwardRef(DialogTitle)-root-1 css-bdhsul-MuiTypography-root-MuiDialogTitle-root"
  >
    React Avançado
  </h2>
  <h2
    class="c2"
  >
    Typescript, ReactJs, NextJS e Styled Components
  </h2>
  <img
    alt="um desenvolvedor de frente para a tela com código"
    class="c3"
    src="/img/hero-ilustration.svg"
  />
</main>
`
